Godot Engine v4.4.1.stable.official.49a5bc7b6 - https://godotengine.org

first_scan_filesystem: begin: Project initialization steps: 5
	first_scan_filesystem: step 0: Scanning file structure...
	first_scan_filesystem: step 1: Loading global class names...
	first_scan_filesystem: step 2: Verifying GDExtensions...
	first_scan_filesystem: step 3: Creating autoload scripts...
	first_scan_filesystem: step 4: Initializing plugins...
	first_scan_filesystem: step 5: Starting file scan...
first_scan_filesystem: end
update_scripts_classes: begin: Registering global classes... steps: 10
	update_scripts_classes: step 0: 
	update_scripts_classes: step 1: 
	update_scripts_classes: step 2: 
	update_scripts_classes: step 3: 
	update_scripts_classes: step 4: 
	update_scripts_classes: step 5: 
	update_scripts_classes: step 6: 
	update_scripts_classes: step 7: 
	update_scripts_classes: step 8: 
	update_scripts_classes: step 9: 
update_scripts_classes: end
_update_scan_actions: begin: Scanning actions... steps: 14
	_update_scan_actions: step 0: BMH_Korean.otf
	_update_scan_actions: step 1: clash.wav
	_update_scan_actions: step 2: dao.svg
	_update_scan_actions: step 3: fist.svg
	_update_scan_actions: step 4: focus.svg
	_update_scan_actions: step 5: hit.wav
	_update_scan_actions: step 6: hunter_f.png
	_update_scan_actions: step 7: hunter_m.png
	_update_scan_actions: step 8: katana.svg
	_update_scan_actions: step 9: night.wav
	_update_scan_actions: step 10: seorim_dusk.png
	_update_scan_actions: step 11: spear.svg
	_update_scan_actions: step 12: sword.svg
	_update_scan_actions: step 13: ui.wav
_update_scan_actions: end
reimport: begin: (Re)Importing Assets steps: 14
	reimport: step 0: Preparing files to reimport...
	reimport: step 1: Preparing files to reimport...
	reimport: step 2: Preparing files to reimport...
	reimport: step 3: Preparing files to reimport...
	reimport: step 4: Preparing files to reimport...
	reimport: step 5: Preparing files to reimport...
	reimport: step 6: Preparing files to reimport...
	reimport: step 7: Preparing files to reimport...
	reimport: step 8: Preparing files to reimport...
	reimport: step 9: Preparing files to reimport...
	reimport: step 10: Preparing files to reimport...
	reimport: step 11: Preparing files to reimport...
	reimport: step 12: Preparing files to reimport...
	reimport: step 13: Preparing files to reimport...
	reimport: step 0: Executing pre-reimport operations...
	reimport: step 0: BMH_Korean.otf
	reimport: step 1: BMH_Korean.otf
	reimport: step 2: dao.svg
	reimport: step 3: fist.svg
	reimport: step 4: focus.svg
	reimport: step 5: hunter_f.png
	reimport: step 6: hunter_m.png
	reimport: step 7: katana.svg
	reimport: step 8: seorim_dusk.png
	reimport: step 9: spear.svg
	reimport: step 10: BMH_Korean.otf
	reimport: step 11: dao.svg
	reimport: step 12: fist.svg
	reimport: step 13: focus.svg
	reimport: step 14: Finalizing Asset Import...
reimport: end
update_script_paths_documentation: begin: Updating scripts documentation steps: 10
	update_script_paths_documentation: step 0: fonts.gd
	update_script_paths_documentation: step 1: game_state.gd
	update_script_paths_documentation: step 2: hunter_actor.gd
	update_script_paths_documentation: step 3: joystick.gd
	update_script_paths_documentation: step 4: main.gd
	update_script_paths_documentation: step 5: map_view.gd
	update_script_paths_documentation: step 6: sound.gd
	update_script_paths_documentation: step 7: world.gd
	update_script_paths_documentation: step 8: compare.gd
	update_script_paths_documentation: step 9: rules.gd
update_script_paths_documentation: end
reimport: begin: (Re)Importing Assets steps: 14
	reimport: step 0: Executing post-reimport operations...
reimport: end
loading_editor_layout: begin: Loading editor steps: 5
	loading_editor_layout: step 0: Loading editor layout...
loading_editor_layout: end
